
  (use "git add <file>..." to include in what will be committed)
        src/components/UatTest.js

nothing added to commit but untracked files present (use "git add" to track)

HP@DESKTOP-N7PJ22I MINGW64 ~/Desktop/Code/React/01-starting-project (2)/01-starting-project (master)
$ git checkout UAT
Switched to branch 'UAT'

HP@DESKTOP-N7PJ22I MINGW64 ~/Desktop/Code/React/01-starting-project (2)/01-starting-project (UAT)
$ git checkout msit
error: pathspec 'msit' did not match any file(s) known to git

HP@DESKTOP-N7PJ22I MINGW64 ~/Desktop/Code/React/01-starting-project (2)/01-starting-project (UAT)
$ git status
On branch UAT
Untracked files:
  (use "git add <file>..." to include in what will be committed)
        src/components/UatTest.js

nothing added to commit but untracked files present (use "git add" to track)

HP@DESKTOP-N7PJ22I MINGW64 ~/Desktop/Code/React/01-starting-project (2)/01-starting-project (UAT)
$ git add.
git: 'add.' is not a git command. See 'git --help'.

The most similar command is
        add

HP@DESKTOP-N7PJ22I MINGW64 ~/Desktop/Code/React/01-starting-
